h
e
l
l
o
 
w
o
r
l
d
!


0.500000
1.000000
1.500000
2.000000
2.500000
3.000000
3.500000
4.000000
4.500000
5.000000
1.000000
2.000000
3.000000
4.000000
5.000000
6.000000
7.000000
8.000000
9.000000
10.000000
1.500000
3.000000
4.500000
6.000000
7.500000
9.000000
10.500000
12.000000
13.500000
15.000000
2.000000
4.000000
6.000000
8.000000
10.000000
12.000000
14.000000
16.000000
18.000000
20.000000
2.500000
5.000000
7.500000
10.000000
12.500000
15.000000
17.500000
20.000000
22.500000
25.000000
